............................                                             [100%]
28 passed in 5.41s
